// Jest Snapshot v1, https://goo.gl/fbAQLP

exports[`display 'OFF' when render soon 1`] = `
<div>
  <button>
    OFF
  </button>
</div>
`;
